// Jest Snapshot v1, https://goo.gl/fbAQLP

exports[`Title Component should render the component correctly 1`] = `
<h1
  style={
    Object {
      "textAlign": "center",
    }
  }
>
  Employees Information
</h1>
`;
